// Jest Snapshot v1, https://goo.gl/fbAQLP

exports[`SignUp Layout Rendered correctly 1`] = `
<DocumentFragment>
  <div
    class="container pt-5"
  >
    <div
      class="row"
    >
      <div
        class="col-md-6 col-sm-10 mx-auto"
      >
        <div
          class="card"
        >
          <div
            class="card-body"
          >
            <h3>
              Crear cuenta
            </h3>
            <hr />
            <form
              id="form"
            >
              <div
                class="mb-3"
              >
                <label
                  aria-label="Correo Electronico:"
                  class="form-label"
                  for="email"
                  id="email"
                >
                  Correo Electronico:
                </label>
                <input
                  class="form-control"
                  id="email"
                  name="email"
                  placeholder="Jona@jona.com"
                  type="email"
                  value=""
                />
              </div>
              <div
                class="mb-3"
              >
                <label
                  aria-label="Contrase침a:"
                  class="form-label"
                  for="password"
                  id="password"
                >
                  Contrase침a:
                </label>
                <input
                  class="form-control"
                  id="password"
                  name="password"
                  placeholder="Ingres치 tu contrase침a"
                  type="password"
                  value=""
                />
              </div>
              <input
                aria-label="Crear cuenta"
                class="btn btn-primary"
                id="submit"
                type="submit"
                value="Crear cuenta"
              />
            </form>
          </div>
        </div>
      </div>
    </div>
  </div>
</DocumentFragment>
`;
