// Jest Snapshot v1, https://goo.gl/fbAQLP

exports[`InputComponent Layout should rendered correctly 1`] = `
<DocumentFragment>
  <div
    class="mb-3"
  >
    <label
      aria-label="Correo Electronico:"
      class="form-label"
      for="email"
      id="email"
    >
      Correo Electronico:
    </label>
    <input
      class="form-control"
      id="email"
      name="email"
      placeholder="jona@jona.com"
      type="email"
      value=""
    />
  </div>
</DocumentFragment>
`;
